// Jest Snapshot v1, https://goo.gl/fbAQLP

exports[`mateches snapshot 1`] = `
<div
  className="list-title-container"
>
  <div
    className="list-title-title"
    onClick={[Function]}
  />
  <div
    className="list-title-icon-container"
    onClick={[Function]}
  >
    <svg
      fill="currentColor"
      height="30"
      stroke="currentColor"
      strokeWidth="0"
      style={
        Object {
          "color": undefined,
        }
      }
      viewBox="0 0 24 24"
      width="30"
      xmlns="http://www.w3.org/2000/svg"
    >
      <g>
        <path
          d="M0 0h24v24H0z"
          fill="none"
        />
        <path
          d="M4 8h16v13a1 1 0 0 1-1 1H5a1 1 0 0 1-1-1V8zm2 2v10h12V10H6zm3 2h2v6H9v-6zm4 0h2v6h-2v-6zM7 5V3a1 1 0 0 1 1-1h8a1 1 0 0 1 1 1v2h5v2H2V5h5zm2-1v1h6V4H9z"
        />
      </g>
    </svg>
  </div>
</div>
`;
