// Jest Snapshot v1, https://goo.gl/fbAQLP

exports[`component renders and takes snapshot 1`] = `
<div>
  <div
    class="list-new-container"
  >
    <div
      class="list-new-button"
    >
      + Add another list
    </div>
  </div>
</div>
`;
