// Jest Snapshot v1, https://goo.gl/fbAQLP

exports[`mateches snapshot 1`] = `null`;
